V3 3
FL C:/Users/Luiso/OneDrive/Escritorio/VHDL/UAR_Project/UAR.vhd 2024/05/22.10:59:31 P.20131013
EN work/UAR 1716368376 \
      FL C:/Users/Luiso/OneDrive/Escritorio/VHDL/UAR_Project/UAR.vhd \
      PB ieee/std_logic_1164 1381692176 PB ieee/NUMERIC_STD 1381692181
AR work/UAR/Behavioral 1716368377 \
      FL C:/Users/Luiso/OneDrive/Escritorio/VHDL/UAR_Project/UAR.vhd EN work/UAR 1716368376
